Release 14.7 - xst P.20131013 (nt64)
Copyright (c) 1995-2013 Xilinx, Inc.  All rights reserved.
--> Parameter TMPDIR set to xst/projnav.tmp


Total REAL time to Xst completion: 0.00 secs
Total CPU time to Xst completion: 0.38 secs
 
--> Parameter xsthdpdir set to xst


Total REAL time to Xst completion: 0.00 secs
Total CPU time to Xst completion: 0.39 secs
 
--> Reading design: latch_d.prj

TABLE OF CONTENTS
  1) Synthesis Options Summary
  2) HDL Compilation
  3) Design Hierarchy Analysis
  4) HDL Analysis
  5) HDL Synthesis
     5.1) HDL Synthesis Report
  6) Advanced HDL Synthesis
     6.1) Advanced HDL Synthesis Report
  7) Low Level Synthesis
  8) Partition Report
  9) Final Report
	9.1) Device utilization summary
	9.2) Partition Resource Summary
	9.3) TIMING REPORT


=========================================================================
*                      Synthesis Options Summary                        *
=========================================================================
---- Source Parameters
Input File Name                    : "latch_d.prj"
Input Format                       : mixed
Ignore Synthesis Constraint File   : NO

---- Target Parameters
Output File Name                   : "latch_d"
Output Format                      : NGC
Target Device                      : xc3s500e-4-fg320

---- Source Options
Top Module Name                    : latch_d
Automatic FSM Extraction           : YES
FSM Encoding Algorithm             : Auto
Safe Implementation                : No
FSM Style                          : LUT
RAM Extraction                     : Yes
RAM Style                          : Auto
ROM Extraction                     : Yes
Mux Style                          : Auto
Decoder Extraction                 : YES
Priority Encoder Extraction        : Yes
Shift Register Extraction          : YES
Logical Shifter Extraction         : YES
XOR Collapsing                     : YES
ROM Style                          : Auto
Mux Extraction                     : Yes
Resource Sharing                   : YES
Asynchronous To Synchronous        : NO
Multiplier Style                   : Auto
Automatic Register Balancing       : No

---- Target Options
Add IO Buffers                     : YES
Global Maximum Fanout              : 100000
Add Generic Clock Buffer(BUFG)     : 24
Register Duplication               : YES
Slice Packing                      : YES
Optimize Instantiated Primitives   : NO
Use Clock Enable                   : Yes
Use Synchronous Set                : Yes
Use Synchronous Reset              : Yes
Pack IO Registers into IOBs        : Auto
Equivalent register Removal        : YES

---- General Options
Optimization Goal                  : Speed
Optimization Effort                : 1
Keep Hierarchy                     : No
Netlist Hierarchy                  : As_Optimized
RTL Output                         : Yes
Global Optimization                : AllClockNets
Read Cores                         : YES
Write Timing Constraints           : NO
Cross Clock Analysis               : NO
Hierarchy Separator                : /
Bus Delimiter                      : <>
Case Specifier                     : Maintain
Slice Utilization Ratio            : 100
BRAM Utilization Ratio             : 100
Verilog 2001                       : YES
Auto BRAM Packing                  : NO
Slice Utilization Ratio Delta      : 5

=========================================================================


=========================================================================
*                          HDL Compilation                              *
=========================================================================
Compiling vhdl file "C:/Xilinx/14.7/Contador/latch_d.vhd" in Library work.
Entity <latch_d> compiled.
Entity <latch_d> (Architecture <arq_latch_d>) compiled.

=========================================================================
*                     Design Hierarchy Analysis                         *
=========================================================================
Analyzing hierarchy for entity <latch_d> in library <work> (architecture <arq_latch_d>).


=========================================================================
*                            HDL Analysis                               *
=========================================================================
Analyzing Entity <latch_d> in library <work> (Architecture <arq_latch_d>).
WARNING:Xst:819 - "C:/Xilinx/14.7/Contador/latch_d.vhd" line 24: One or more signals are missing in the process sensitivity list. To enable synthesis of FPGA/CPLD hardware, XST will assume that all necessary signals are present in the sensitivity list. Please note that the result of the synthesis may differ from the initial design specification. The missing signals are:
   <count>
Entity <latch_d> analyzed. Unit <latch_d> generated.


=========================================================================
*                           HDL Synthesis                               *
=========================================================================

Performing bidirectional port resolution...

Synthesizing Unit <latch_d>.
    Related source file is "C:/Xilinx/14.7/Contador/latch_d.vhd".
    Found 25-bit register for signal <count>.
    Found 25-bit adder for signal <count$addsub0000> created at line 35.
    Found 25-bit comparator greatequal for signal <count$cmp_ge0000> created at line 32.
    Found 1-bit register for signal <So>.
    Summary:
	inferred  26 D-type flip-flop(s).
	inferred   1 Adder/Subtractor(s).
	inferred   1 Comparator(s).
Unit <latch_d> synthesized.


=========================================================================
HDL Synthesis Report

Macro Statistics
# Adders/Subtractors                                   : 1
 25-bit adder                                          : 1
# Registers                                            : 2
 1-bit register                                        : 1
 25-bit register                                       : 1
# Comparators                                          : 1
 25-bit comparator greatequal                          : 1

=========================================================================

=========================================================================
*                       Advanced HDL Synthesis                          *
=========================================================================


=========================================================================
Advanced HDL Synthesis Report

Macro Statistics
# Adders/Subtractors                                   : 1
 25-bit adder                                          : 1
# Registers                                            : 26
 Flip-Flops                                            : 26
# Comparators                                          : 1
 25-bit comparator greatequal                          : 1

=========================================================================

=========================================================================
*                         Low Level Synthesis                           *
=========================================================================

Optimizing unit <latch_d> ...

Mapping all equations...
Building and optimizing final netlist ...
Found area constraint ratio of 100 (+ 5) on block latch_d, actual ratio is 0.

Final Macro Processing ...

=========================================================================
Final Register Report

Macro Statistics
# Registers                                            : 26
 Flip-Flops                                            : 26

=========================================================================

=========================================================================
*                           Partition Report                            *
=========================================================================

Partition Implementation Status
-------------------------------

  No Partitions were found in this design.

-------------------------------

=========================================================================
*                            Final Report                               *
=========================================================================
Final Results
RTL Top Level Output File Name     : latch_d.ngr
Top Level Output File Name         : latch_d
Output Format                      : NGC
Optimization Goal                  : Speed
Keep Hierarchy                     : No

Design Statistics
# IOs                              : 6

Cell Usage :
# BELS                             : 138
#      GND                         : 1
#      INV                         : 4
#      LUT1                        : 28
#      LUT2                        : 1
#      LUT3                        : 26
#      LUT4                        : 14
#      LUT4_D                      : 1
#      LUT4_L                      : 3
#      MUXCY                       : 34
#      VCC                         : 1
#      XORCY                       : 25
# FlipFlops/Latches                : 26
#      FDCE                        : 25
#      FDRE                        : 1
# Clock Buffers                    : 1
#      BUFGP                       : 1
# IO Buffers                       : 5
#      IBUF                        : 4
#      OBUF                        : 1
=========================================================================

Device utilization summary:
---------------------------

Selected Device : 3s500efg320-4 

 Number of Slices:                       42  out of   4656     0%  
 Number of Slice Flip Flops:             26  out of   9312     0%  
 Number of 4 input LUTs:                 77  out of   9312     0%  
 Number of IOs:                           6
 Number of bonded IOBs:                   6  out of    232     2%  
 Number of GCLKs:                         1  out of     24     4%  

---------------------------
Partition Resource Summary:
---------------------------

  No Partitions were found in this design.

---------------------------


=========================================================================
TIMING REPORT

NOTE: THESE TIMING NUMBERS ARE ONLY A SYNTHESIS ESTIMATE.
      FOR ACCURATE TIMING INFORMATION PLEASE REFER TO THE TRACE REPORT
      GENERATED AFTER PLACE-and-ROUTE.

Clock Information:
------------------
-----------------------------------+------------------------+-------+
Clock Signal                       | Clock buffer(FF name)  | Load  |
-----------------------------------+------------------------+-------+
Clk                                | BUFGP                  | 26    |
-----------------------------------+------------------------+-------+

Asynchronous Control Signals Information:
----------------------------------------
--------------------------------------+------------------------+-------+
Control Signal                        | Buffer(FF name)        | Load  |
--------------------------------------+------------------------+-------+
count_cmp_eq0001(count_cmp_eq000125:O)| NONE(count_0)          | 25    |
--------------------------------------+------------------------+-------+

Timing Summary:
---------------
Speed Grade: -4

   Minimum period: 7.629ns (Maximum Frequency: 131.079MHz)
   Minimum input arrival time before clock: 5.518ns
   Maximum output required time after clock: 4.283ns
   Maximum combinational path delay: No path found

Timing Detail:
--------------
All values displayed in nanoseconds (ns)

=========================================================================
Timing constraint: Default period analysis for Clock 'Clk'
  Clock period: 7.629ns (frequency: 131.079MHz)
  Total number of paths / destination ports: 2075 / 51
-------------------------------------------------------------------------
Delay:               7.629ns (Levels of Logic = 13)
  Source:            count_6 (FF)
  Destination:       count_0 (FF)
  Source Clock:      Clk rising
  Destination Clock: Clk rising

  Data Path: count_6 to count_0
                                Gate     Net
    Cell:in->out      fanout   Delay   Delay  Logical Name (Net Name)
    ----------------------------------------  ------------
     FDCE:C->Q             4   0.591   0.762  count_6 (count_6)
     LUT1:I0->O            1   0.704   0.000  Mcompar_count_cmp_ge0000_cy<0>_rt (Mcompar_count_cmp_ge0000_cy<0>_rt)
     MUXCY:S->O            1   0.464   0.000  Mcompar_count_cmp_ge0000_cy<0> (Mcompar_count_cmp_ge0000_cy<0>)
     MUXCY:CI->O           1   0.059   0.000  Mcompar_count_cmp_ge0000_cy<1> (Mcompar_count_cmp_ge0000_cy<1>)
     MUXCY:CI->O           1   0.059   0.000  Mcompar_count_cmp_ge0000_cy<2> (Mcompar_count_cmp_ge0000_cy<2>)
     MUXCY:CI->O           1   0.059   0.000  Mcompar_count_cmp_ge0000_cy<3> (Mcompar_count_cmp_ge0000_cy<3>)
     MUXCY:CI->O           1   0.059   0.000  Mcompar_count_cmp_ge0000_cy<4> (Mcompar_count_cmp_ge0000_cy<4>)
     MUXCY:CI->O           1   0.059   0.000  Mcompar_count_cmp_ge0000_cy<5> (Mcompar_count_cmp_ge0000_cy<5>)
     MUXCY:CI->O           1   0.059   0.000  Mcompar_count_cmp_ge0000_cy<6> (Mcompar_count_cmp_ge0000_cy<6>)
     MUXCY:CI->O           1   0.059   0.000  Mcompar_count_cmp_ge0000_cy<7> (Mcompar_count_cmp_ge0000_cy<7>)
     MUXCY:CI->O           1   0.059   0.000  Mcompar_count_cmp_ge0000_cy<8> (Mcompar_count_cmp_ge0000_cy<8>)
     MUXCY:CI->O           1   0.459   0.499  Mcompar_count_cmp_ge0000_cy<9> (count_cmp_ge0000)
     LUT2:I1->O            1   0.704   0.455  count_not0002_SW0 (N3)
     LUT4:I2->O           25   0.704   1.260  count_not0002 (count_not0002)
     FDCE:CE                   0.555          count_0
    ----------------------------------------
    Total                      7.629ns (4.653ns logic, 2.976ns route)
                                       (61.0% logic, 39.0% route)

=========================================================================
Timing constraint: Default OFFSET IN BEFORE for Clock 'Clk'
  Total number of paths / destination ports: 104 / 53
-------------------------------------------------------------------------
Offset:              5.518ns (Levels of Logic = 3)
  Source:            clk_out (PAD)
  Destination:       count_0 (FF)
  Destination Clock: Clk rising

  Data Path: clk_out to count_0
                                Gate     Net
    Cell:in->out      fanout   Delay   Delay  Logical Name (Net Name)
    ----------------------------------------  ------------
     IBUF:I->O             2   1.218   0.622  clk_out_IBUF (clk_out_IBUF)
     LUT2:I0->O            1   0.704   0.455  count_not0002_SW0 (N3)
     LUT4:I2->O           25   0.704   1.260  count_not0002 (count_not0002)
     FDCE:CE                   0.555          count_0
    ----------------------------------------
    Total                      5.518ns (3.181ns logic, 2.337ns route)
                                       (57.6% logic, 42.4% route)

=========================================================================
Timing constraint: Default OFFSET OUT AFTER for Clock 'Clk'
  Total number of paths / destination ports: 1 / 1
-------------------------------------------------------------------------
Offset:              4.283ns (Levels of Logic = 1)
  Source:            So (FF)
  Destination:       Q (PAD)
  Source Clock:      Clk rising

  Data Path: So to Q
                                Gate     Net
    Cell:in->out      fanout   Delay   Delay  Logical Name (Net Name)
    ----------------------------------------  ------------
     FDRE:C->Q             1   0.591   0.420  So (So)
     OBUF:I->O                 3.272          Q_OBUF (Q)
    ----------------------------------------
    Total                      4.283ns (3.863ns logic, 0.420ns route)
                                       (90.2% logic, 9.8% route)

=========================================================================


Total REAL time to Xst completion: 15.00 secs
Total CPU time to Xst completion: 15.04 secs
 
--> 

Total memory usage is 235464 kilobytes

Number of errors   :    0 (   0 filtered)
Number of warnings :    1 (   0 filtered)
Number of infos    :    0 (   0 filtered)

